0   0   * * *   /app/bin/console some:command --some-arg some_val --cron-monitor-slug=some_slug --cron-monitor-schedule="0 0 * * *"
*/5 *   * * *   /app/bin/console some:other:command --cron-monitor-slug=some_slug_2 --cron-monitor-schedule="*/5 * * * *"
*   *   * * *   /app/bin/console some:other:command --cron-monitor-slug=some_slug_3 --cron-monitor-schedule="* * * * *"